Windows PowerShell
Copyright (C) Microsoft Corporation. All rights reserved.

Install the latest PowerShell for new features and improvements! https://aka.ms/PSWindows

PS C:\Users\vijay> ssh sfjbs@20.40.53.159
sfjbs@20.40.53.159's password:
Welcome to Ubuntu 20.04.5 LTS (GNU/Linux 5.15.0-1022-azure x86_64)

 * Documentation:  https://help.ubuntu.com
 * Management:     https://landscape.canonical.com
 * Support:        https://ubuntu.com/advantage

  System information as of Fri Nov  4 07:16:20 UTC 2022

  System load:  0.02               Processes:              158
  Usage of /:   11.4% of 28.89GB   Users logged in:        0
  Memory usage: 11%                IPv4 address for eth0:  10.1.0.5
  Swap usage:   0%                 IPv4 address for weave: 10.32.0.1

 * Strictly confined Kubernetes makes edge and IoT secure. Learn how MicroK8s
   just raised the bar for easy, resilient and secure K8s cluster deployment.

   https://ubuntu.com/engage/secure-kubernetes-at-the-edge

1 device has a firmware upgrade available.
Run `fwupdmgr get-upgrades` for more information.


3 updates can be applied immediately.
To see these additional updates run: apt list --upgradable

New release '22.04.1 LTS' available.
Run 'do-release-upgrade' to upgrade to it.


Last login: Thu Nov  3 09:09:16 2022 from 103.149.126.203
sfjbs@n2:~$ curl localhost:80
<html>
<head><title>404 Not Found</title></head>
<body>
<center><h1>404 Not Found</h1></center>
<hr><center>nginx</center>
</body>
</html>
sfjbs@n2:~$
sfjbs@n2:~$ curl localhost:80
curl: (7) Failed to connect to localhost port 80: Connection refused
sfjbs@n2:~$ client_loop: send disconnect: Connection reset
PS C:\Users\vijay> ssh sfjbs@20.40.53.159
sfjbs@20.40.53.159's password:
Welcome to Ubuntu 20.04.5 LTS (GNU/Linux 5.15.0-1022-azure x86_64)

 * Documentation:  https://help.ubuntu.com
 * Management:     https://landscape.canonical.com
 * Support:        https://ubuntu.com/advantage

  System information as of Fri Nov  4 07:18:54 UTC 2022

  System load:  0.0                Processes:              173
  Usage of /:   11.4% of 28.89GB   Users logged in:        1
  Memory usage: 10%                IPv4 address for eth0:  10.1.0.5
  Swap usage:   0%                 IPv4 address for weave: 10.32.0.1

 * Strictly confined Kubernetes makes edge and IoT secure. Learn how MicroK8s
   just raised the bar for easy, resilient and secure K8s cluster deployment.

   https://ubuntu.com/engage/secure-kubernetes-at-the-edge

1 device has a firmware upgrade available.
Run `fwupdmgr get-upgrades` for more information.


3 updates can be applied immediately.
To see these additional updates run: apt list --upgradable

New release '22.04.1 LTS' available.
Run 'do-release-upgrade' to upgrade to it.


Last login: Fri Nov  4 07:16:21 2022 from 103.208.71.153
sfjbs@n2:~$ curl localhost:80
curl: (7) Failed to connect to localhost port 80: Connection refused
sfjbs@n2:~$ curl localhost:31487
<!DOCTYPE html>
<html>
<head>
<title>Welcome to nginx!</title>
<style>
html { color-scheme: light dark; }
body { width: 35em; margin: 0 auto;
font-family: Tahoma, Verdana, Arial, sans-serif; }
</style>
</head>
<body>
<h1>Welcome to nginx!</h1>
<p>If you see this page, the nginx web server is successfully installed and
working. Further configuration is required.</p>

<p>For online documentation and support please refer to
<a href="http://nginx.org/">nginx.org</a>.<br/>
Commercial support is available at
<a href="http://nginx.com/">nginx.com</a>.</p>

<p><em>Thank you for using nginx.</em></p>
</body>
</html>
sfjbs@n2:~$ curl localhost:31004
<!DOCTYPE html>
<html>
<head>
<title>Welcome to nginx!</title>
<style>
html { color-scheme: light dark; }
body { width: 35em; margin: 0 auto;
font-family: Tahoma, Verdana, Arial, sans-serif; }
</style>
</head>
<body>
<h1>Welcome to nginx!</h1>
<p>If you see this page, the nginx web server is successfully installed and
working. Further configuration is required.</p>

<p>For online documentation and support please refer to
<a href="http://nginx.org/">nginx.org</a>.<br/>
Commercial support is available at
<a href="http://nginx.com/">nginx.com</a>.</p>

<p><em>Thank you for using nginx.</em></p>
</body>
</html>
sfjbs@n2:~$ curl localhost:31002
curl: (7) Failed to connect to localhost port 31002: Connection refused
sfjbs@n2:~$ curl localhost:31487
<!DOCTYPE html>
<html>
<head>
<title>Welcome to nginx!</title>
<style>
html { color-scheme: light dark; }
body { width: 35em; margin: 0 auto;
font-family: Tahoma, Verdana, Arial, sans-serif; }
</style>
</head>
<body>
<h1>Welcome to nginx!</h1>
<p>If you see this page, the nginx web server is successfully installed and
working. Further configuration is required.</p>

<p>For online documentation and support please refer to
<a href="http://nginx.org/">nginx.org</a>.<br/>
Commercial support is available at
<a href="http://nginx.com/">nginx.com</a>.</p>

<p><em>Thank you for using nginx.</em></p>
</body>
</html>
sfjbs@n2:~$ curl localhost:31642
<!DOCTYPE html>
<html>
<head>
<title>Welcome to nginx!</title>
<style>
html { color-scheme: light dark; }
body { width: 35em; margin: 0 auto;
font-family: Tahoma, Verdana, Arial, sans-serif; }
</style>
</head>
<body>
<h1>Welcome to nginx!</h1>
<p>If you see this page, the nginx web server is successfully installed and
working. Further configuration is required.</p>

<p>For online documentation and support please refer to
<a href="http://nginx.org/">nginx.org</a>.<br/>
Commercial support is available at
<a href="http://nginx.com/">nginx.com</a>.</p>

<p><em>Thank you for using nginx.</em></p>
</body>
</html>
sfjbs@n2:~$ client_loop: send disconnect: Connection reset
PS C:\Users\vijay>
